---------------------------------------------
PIC ASSEMBLER LISTING
Line    Address Opcode  Instruction
---------------------------------------------
0001    0000            MAYOR EQU 0x21
0002    0000            MENOR EQU 0x22
0003    0000            ENTRADA	EQU 0X23
0004    0000            
0005    0000            INICIO
0006    0000            	ORG 0x00
0007    0000    2801    	GOTO START
0008    0001            
0009    0001            START
0010    0001    1683    	BSF	STATUS,5 ; PONE UN 1 EN STATUS BIT 5, PARA MOVERNOS AL BANCO 1 
0011    0002    0188    	CLRF	TRISD ; PONE EN 0 TRISB Y LA BANDERA Z
0012    0003    300F    	MOVLW	B'00001111' ; PONEMOS EN BINARIO LAS ENTRADAS QUE QUEREMOS HABILITAR PIN 0 AL 3 ENTRADA DE DIGITOS Y PIN 5 MOSTRAR DIGITO
0013    0004    0087    	MOVWF	TRISC ;MUEVE LO QUE TENGAMOS EN W HACIA TRISC PARA HABILITAR LAS ENTRADAS
0014    0005    0100    	CLRW	;LIMPIAR W
0015    0006    1283    	BCF	STATUS, 5 ; PONE UN 0 EN STATUS EN BIT 5 Y ESTO NOS MUEVE AL BANCO 0	
0016    0007            	
0017    0007    3005    	MOVLW 	B'00000101'
0018    0008    00A1    	MOVWF	MAYOR
0019    0009    3001    	MOVLW 	B'00000001'
0020    000A    00A2    	MOVWF	MENOR
0021    000B    280C    	GOTO 	LEER;
0022    000C            
0023    000C            LEER
0024    000C            	;MOVF	PORTC,W ; MUEVE LO DEL PUERTO A C A W
0025    000C    3000    	MOVLW	B'00000000'
0026    000D    00A3    	MOVWF	ENTRADA
0027    000E    280F    	GOTO 	COMPARACION
0028    000F            
0029    000F            COMPARACION	
0030    000F    0823    	MOVF	ENTRADA,W
0031    0010    0222    	SUBWF	MENOR,W	
0032    0011    1803    	BTFSC	STATUS,C
0033    0012    281D    	GOTO	EntradaMenor
0034    0013            
0035    0013    0823    	MOVF	ENTRADA,W
0036    0014    0221    	SUBWF	MAYOR,W
0037    0015    1C03    	BTFSS	STATUS,C
0038    0016    2818    	GOTO 	EntradaMayor
0039    0017            
0040    0017    280C    	GOTO	LEER
0041    0018            
0042    0018            EntradaMayor
0043    0018    0823    	MOVF	ENTRADA,W
0044    0019    00A1    	MOVWF	MAYOR
0045    001A    3001    	MOVLW	B'00000001'
0046    001B    0088    	MOVWF	PORTD
0047    001C    280C    	GOTO 	LEER
0048    001D            
0049    001D            EntradaMenor
0050    001D    0823    	MOVF	ENTRADA,W
0051    001E    00A2    	MOVWF	MENOR
0052    001F    3002    	MOVLW	B'00000010'
0053    0020    0088    	MOVWF	PORTD
0054    0021    280C    	GOTO 	LEER
---------------------------------------------
Number of errors = 0
