---------------------------------------------
PIC ASSEMBLER LISTING
Line    Address Opcode  Instruction
---------------------------------------------
0001    0000            DATO EQU 0X21; CREAMOS UNA VARIABLE EN BANCO 0 EN AREA DE MEMORIA DE PROPOSITO GENERAL
0002    0000            INICIO
0003    0000            	ORG 0X00
0004    0000    2801    	GOTO START
0005    0001            
0006    0001            START
0007    0001            ;CONFIGURACION DE ENTRADAS EN C Y SALIDAS EN B
0008    0001    1683    	BSF	STATUS,5 ; PONE UN 1 EN STATUS BIT 5, PARA MOVERNOS AL BANCO 1 
0009    0002    0186    	CLRF	TRISB ; PONE EN 0 TRISB Y LA BANDERA Z
0010    0003    302F    	MOVLW	B'00101111' ; PONEMOS EN BINARIO LAS ENTRADAS QUE QUEREMOS HABILITAR PIN 0 AL 3 ENTRADA DE DIGITOS Y PIN 5 MOSTRAR DIGITO
0011    0004    0087    	MOVWF	TRISC ;MUEVE LO QUE TENGAMOS EN W HACIA TRISC PARA HABILITAR LAS ENTRADAS
0012    0005    0100    	CLRW	;LIMPIAR W
0013    0006    1283    	BCF	STATUS, 5 ; PONE UN 0 EN STATUS EN BIT 5 Y ESTO NOS MUEVE AL BANCO 0	
0014    0007            
0015    0007    2808    	GOTO 	LEER;
0016    0008            
0017    0008            LEER
0018    0008            ;LEMOS EL DATO INGRESADO EN PUERTO C
0019    0008    0807    	MOVF	PORTC, W ;MUEVE LA ENTRADA DEL PUERTO C HACIA W
0020    0009    00A1    	MOVWF	DATO 	;MUEVE DE W A LA VARIABLE DATO
0021    000A    280B    	GOTO	COMPARACION 
0022    000B            
0023    000B            COMPARACION
0024    000B            ;COMPARACION BIT POR BIT 
0025    000B    3020    	MOVLW	B'00100000' ;LE ENVIAMOS A W EL NUMERO 0 EN BINARIO EN 8 BITS
0026    000C    0221    	SUBWF	DATO,W 	;LE VAMOS A QUITAR A DATO W (DATO-W)=W
0027    000D    1903    	BTFSC	STATUS,Z
0028    000E    2836    	GOTO	MOSTRAR0
0029    000F            
0030    000F    3021    	MOVLW	B'00100001' ;LE ENVIAMOS A W EL NUMERO 1 EN BINARIO EN 8 BITS
0031    0010    0221    	SUBWF	DATO,W 	;LE VAMOS A QUITAR A DATO W (DATO-W)=W
0032    0011    1903    	BTFSC	STATUS,Z
0033    0012    2839    	GOTO	MOSTRAR1
0034    0013            
0035    0013    3022    	MOVLW	B'00100010' ;LE ENVIAMOS A W EL NUMERO 2 EN BINARIO EN 8 BITS
0036    0014    0221    	SUBWF	DATO,W 	;LE VAMOS A QUITAR A DATO W (DATO-W)=W
0037    0015    1903    	BTFSC	STATUS,Z
0038    0016    283C    	GOTO	MOSTRAR2
0039    0017            	
0040    0017    3023    	MOVLW	B'00100011' ;LE ENVIAMOS A W EL NUMERO 3 EN BINARIO EN 8 BITS
0041    0018    0221    	SUBWF	DATO,W 	;LE VAMOS A QUITAR A DATO W (DATO-W)=W
0042    0019    1903    	BTFSC	STATUS,Z
0043    001A    283F    	GOTO	MOSTRAR3
0044    001B            
0045    001B    3024    	MOVLW	B'00100100' ;LE ENVIAMOS A W EL NUMERO 4 EN BINARIO EN 8 BITS
0046    001C    0221    	SUBWF	DATO,W 	;LE VAMOS A QUITAR A DATO W (DATO-W)=W
0047    001D    1903    	BTFSC	STATUS,Z
0048    001E    2842    	GOTO	MOSTRAR4
0049    001F            
0050    001F    3025    	MOVLW	B'00100101' ;LE ENVIAMOS A W EL NUMERO 5 EN BINARIO EN 8 BITS
0051    0020    0221    	SUBWF	DATO,W 	;LE VAMOS A QUITAR A DATO W (DATO-W)=W
0052    0021    1903    	BTFSC	STATUS,Z
0053    0022    2845    	GOTO	MOSTRAR5
0054    0023            
0055    0023    3026    	MOVLW	B'00100110' ;LE ENVIAMOS A W EL NUMERO 6 EN BINARIO EN 8 BITS
0056    0024    0221    	SUBWF	DATO,W 	;LE VAMOS A QUITAR A DATO W (DATO-W)=W
0057    0025    1903    	BTFSC	STATUS,Z
0058    0026    2848    	GOTO	MOSTRAR6
0059    0027            
0060    0027    3027    	MOVLW	B'00100111' ;LE ENVIAMOS A W EL NUMERO 7 EN BINARIO EN 8 BITS
0061    0028    0221    	SUBWF	DATO,W 	;LE VAMOS A QUITAR A DATO W (DATO-W)=W
0062    0029    1903    	BTFSC	STATUS,Z
0063    002A    284B    	GOTO	MOSTRAR7
0064    002B            
0065    002B    3028    	MOVLW	B'00101000' ;LE ENVIAMOS A W EL NUMERO 8 EN BINARIO EN 8 BITS
0066    002C    0221    	SUBWF	DATO,W 	;LE VAMOS A QUITAR A DATO W (DATO-W)=W
0067    002D    1903    	BTFSC	STATUS,Z
0068    002E    284E    	GOTO	MOSTRAR8
0069    002F            
0070    002F    3029    	MOVLW	B'00101001' ;LE ENVIAMOS A W EL NUMERO 9 EN BINARIO EN 8 BITS
0071    0030    0221    	SUBWF	DATO,W 	;LE VAMOS A QUITAR A DATO W (DATO-W)=W
0072    0031    1903    	BTFSC	STATUS,Z
0073    0032    2851    	GOTO	MOSTRAR9
0074    0033            	
0075    0033    3000    	MOVLW	B'00000000'
0076    0034    0086    	MOVWF	PORTB
0077    0035    2808    	GOTO	LEER
0078    0036            
0079    0036            MOSTRAR0
0080    0036    303F    	MOVLW B'00111111' ; EN BINARIO PONEMOS 0 LOS NECESARIOS PARA PREDER EL DISPLAY EN 0
0081    0037    0086    	MOVWF PORTB	;MOVEMOS LOS BINARIOS A PORT B 
0082    0038    2808    	GOTO LEER
0083    0039            
0084    0039            MOSTRAR1
0085    0039    3006    	MOVLW B'00000110' ; EN BINARIO PONEMOS 1 LOS NECESARIOS PARA PREDER EL DISPLAY EN 0
0086    003A    0086    	MOVWF PORTB	;MOVEMOS LOS BINARIOS A PORT B 
0087    003B    2808    	GOTO LEER
0088    003C            
0089    003C            MOSTRAR2
0090    003C    305B    	MOVLW B'01011011' ; EN BINARIO PONEMOS 2 LOS NECESARIOS PARA PREDER EL DISPLAY EN 0
0091    003D    0086    	MOVWF PORTB	;MOVEMOS LOS BINARIOS A PORT B 
0092    003E    2808    	GOTO LEER
0093    003F            
0094    003F            MOSTRAR3
0095    003F    304F    	MOVLW B'01001111' ; EN BINARIO PONEMOS 3 LOS NECESARIOS PARA PREDER EL DISPLAY EN 0
0096    0040    0086    	MOVWF PORTB	;MOVEMOS LOS BINARIOS A PORT B 
0097    0041    2808    	GOTO LEER
0098    0042            		
0099    0042            MOSTRAR4
0100    0042    3066    	MOVLW B'01100110' ; EN BINARIO PONEMOS 4 LOS NECESARIOS PARA PREDER EL DISPLAY EN 0
0101    0043    0086    	MOVWF PORTB	;MOVEMOS LOS BINARIOS A PORT B 
0102    0044    2808    	GOTO LEER
0103    0045            
0104    0045            MOSTRAR5
0105    0045    306D    	MOVLW B'01101101' ; EN BINARIO PONEMOS 5 LOS NECESARIOS PARA PREDER EL DISPLAY EN 0
0106    0046    0086    	MOVWF PORTB	;MOVEMOS LOS BINARIOS A PORT B 
0107    0047    2808    	GOTO LEER
0108    0048            
0109    0048            MOSTRAR6
0110    0048    307D    	MOVLW B'01111101' ; EN BINARIO PONEMOS 6 LOS NECESARIOS PARA PREDER EL DISPLAY EN 0
0111    0049    0086    	MOVWF PORTB	;MOVEMOS LOS BINARIOS A PORT B 
0112    004A    2808    	GOTO LEER
0113    004B            
0114    004B            MOSTRAR7
0115    004B    3007    	MOVLW B'00000111' ; EN BINARIO PONEMOS 7 LOS NECESARIOS PARA PREDER EL DISPLAY EN 0
0116    004C    0086    	MOVWF PORTB	;MOVEMOS LOS BINARIOS A PORT B 
0117    004D    2808    	GOTO LEER
0118    004E            
0119    004E            MOSTRAR8
0120    004E    307F    	MOVLW B'01111111' ; EN BINARIO PONEMOS 8 LOS NECESARIOS PARA PREDER EL DISPLAY EN 0
0121    004F    0086    	MOVWF PORTB	;MOVEMOS LOS BINARIOS A PORT B 
0122    0050    2808    	GOTO LEER
0123    0051            
0124    0051            MOSTRAR9
0125    0051    3067    	MOVLW B'01100111' ; EN BINARIO PONEMOS 9 LOS NECESARIOS PARA PREDER EL DISPLAY EN 0
0126    0052    0086    	MOVWF PORTB	;MOVEMOS LOS BINARIOS A PORT B 
0127    0053    2808    	GOTO LEER
---------------------------------------------
Number of errors = 0
