---------------------------------------------
PIC ASSEMBLER LISTING
Line    Address Opcode  Instruction
---------------------------------------------
0001    0000            ;DECLARACIONES VARIABLES
0002    0000            ;DATO EQU 0X21
0003    0000            ;stepper	EQU 0X7E
0004    0000            ;------------------------------ VARIABLES MOTORES INICIO --------------------------------------
0005    0000            CounterA EQU 0X21
0006    0000            CounterB EQU 0X22
0007    0000            CounterC EQU 0X23
0008    0000            
0009    0000            PasosX EQU 0X24                     ;Pasos que dara el motor por iteracion
0010    0000            PasosRegresoX EQU 0X25              ;Pasos que hara en el regreso para llegar posicion inical
0011    0000            PasosY EQU 0X26                     ;Pasos en Y para formar 0 a 90 grados
0012    0000            PasosRegresoY EQU 0X27              ;Pasos Regreso en Y de 90 a 0
0013    0000            NumeroIteracionesX EQU 0X28         ;Numero de veces que va hacer la iteracion de 90 (90*4 = 360)
0014    0000            
0015    0000            IrMayorXIteracion EQU 0X29          ;Guardar posicion de la iteracion en X donde encuentre mayor luz
0016    0000            IrMayorPasosY EQU 0X2A              ;Guardar posicion (pasos) en Y donde encuentre mas luz
0017    0000            
0018    0000            ;------------------------------ VARIABLES BOTON MOSTRAR INICIO --------------------------------------
0019    0000            ContadorBTN EQU 0X2B
0020    0000            DatoEnE  EQU 0X2C
0021    0000            NumGrupo  EQU 0X2D
0022    0000            
0023    0000            ;------------------------------ VARIABLES DISPLAY --------------------------------------
0024    0000            DATO_DISPLAY EQU 0X2E
0025    0000            
0026    0000            ;------------------------------Variables Foto Resistencia
0027    0000            ADC EQU 0x2F
0028    0000            CON EQU 0X30
0029    0000            CON2 EQU 0X31
0030    0000            CON3 EQU 0X32
0031    0000            MAYOR_LUZR EQU 0x33
0032    0000            MENOR_LUZR EQU 0x34
0033    0000            CATEGORIA EQU 0X35
0034    0000            ;------------------------------Comparacion Variables---------
0035    0000            Mayor_Encontrado EQU 0x36
0036    0000            Menor_Encontrado EQU 0x37
0037    0000            ENTRADA_Comp	EQU 0X38
0038    0000            ContMotorX	EQU 0X39
0039    0000            
0040    0000            RegresarReiniciarX	EQU 0x3A
0041    0000            RegresarReiniciarY	Equ 0x3B
0042    0000            ContMotorY	Equ 0x3C
0043    0000            INICIO
0044    0000            ;Inicio del programa ASIGNACIONES VARIABLES
0045    0000            	ORG	0X00
0046    0000            
0047    0000            ;------------------------CONFIGURACIONES PUERTOS --------------------------------------
0048    0000            ;------------------------------ PUERTO A y E JEFF --------------------------------------
0049    0000    1283    	bcf STATUS,RP0 ;Ir banco 0
0050    0001    1303    	bcf STATUS,RP1
0051    0002    3041    	movlw b'01000001' ;A/D conversion Fosc/8
0052    0003    009F    	movwf ADCON0
0053    0004            	;     	     7     6     5    4    3    2       1 0
0054    0004            	; 1Fh ADCON0 ADCS1 ADCS0 CHS2 CHS1 CHS0 GO/DONE ? ADON
0055    0004    1683    	bsf STATUS,RP0 ;Ir banco 1
0056    0005    1303    	bcf STATUS,RP1
0057    0006    3007    	movlw b'00000111'
0058    0007    0081    	movwf OPTION_REG ;TMR0 preescaler, 1:156
0059    0008            	;                7    6      5    4    3   2   1   0 
0060    0008            	; 81h OPTION_REG RBPU INTEDG T0CS T0SE PSA PS2 PS1 PS0
0061    0008    300E    	movlw b'00001110' ;A/D Port AN0/RA0
0062    0009    009F    	movwf ADCON1
0063    000A            	;            7    6     5 4 3     2     1     0 
0064    000A            	; 9Fh ADCON1 ADFM ADCS2 ? ? PCFG3 PCFG2 PCFG1 PCFG0
0065    000A    1405    	bsf TRISA,0 ;RA0 linea de entrada para el ADC
0066    000B    1283    	bcf STATUS,RP0 ;Ir banco 0
0067    000C    1303    	bcf STATUS,RP1
0068    000D            
0069    000D            ;------------------------------ PUERTO A y E --------------------------------------
0070    000D    3000    	MOVLW b'00000000'
0071    000E    00AB    	MOVWF ContadorBTN
0072    000F    00AE    	MOVWF DATO_DISPLAY
0073    0010            	
0074    0010            
0075    0010            ;----Desactive estas configuraiones para poder ver lo de JEFF
0076    0010            	;BSF     STATUS,RP0
0077    0010                ;BCF     STATUS,RP1
0078    0010                ;MOVLW   D'14'
0079    0010                ;MOVWF   ADCON1
0080    0010            	;MOVLW	B'111'
0081    0010                ;MOVWF   TRISE
0082    0010                ;BCF     STATUS,RP0
0083    0010                ;BCF     STATUS,RP1
0084    0010            
0085    0010    3007        	MOVLW   D'7'
0086    0011    00AD        	MOVWF   NumGrupo
0087    0012            ;------------------------------ PUERTO B --------------------------------------
0088    0012    1683    	BSF STATUS, 5 ;PONE 1 EN STATUS BIT 5 PARA MOVERNOS AL BANCO 1
0089    0013    0186    	CLRF TRISB; PONE EN 0 TRIS B Y LA BANDERA Z PONE SALIDA B 
0090    0014    0187    	CLRF TRISC; HABILITA EL PUERTO C COMO SALIDA
0091    0015            
0092    0015    0100    	CLRW; LIMPIAR W 
0093    0016    1283    	BCF STATUS, 5; PONE UN 0 EN BIT 5 Y NOS MOVEMOS AL BANCO 0 
0094    0017            
0095    0017            ;------------------------------ PUERTO C --------------------------------------
0096    0017            	;MOVLW B'11111111'
0097    0017            	;MOVWF DATO_DISPLAY
0098    0017    30FF    	MOVLW B'11111111'
0099    0018    0087    	MOVWF PORTC
0100    0019            
0101    0019            ;--------------Configuracion de Mayores y menores
0102    0019            
0103    0019            ;PRUEBA para regresar el motor al mayor de luz  ELIMINAR
0104    0019            	;MOVLW	1 ; Moviendo a w El numero de iteraciones que vaya
0105    0019            	;MOVWF	IrMayorXIteracion 
0106    0019            	;MOVLW	45; Moviendo a W el numero de pasos que vaya en Y
0107    0019            	;MOVWF	IrMayorPasosY 
0108    0019            
0109    0019    28CC    	GOTO	BTN_Inicio ;mueve el ip al punto de la etiqueta
0110    001A            
0111    001A            ;--------------------------MENU PROGRAMA-------------------------------
0112    001A            MENU 
0113    001A    2023    	CAll	SeteoVariables
0114    001B    2030    	CALL	LOOP_GENERAL ; Mover Motores y buscar mayor luz 
0115    001C            	
0116    001C    0829    	MOVF	IrMayorXIteracion,W
0117    001D    00BA    	MOVWF	RegresarReiniciarX
0118    001E    082A    	MOVF	IrMayorPasosY,W
0119    001F    00BB    	MOVWF	RegresarReiniciarY
0120    0020            
0121    0020    2091    	CALL	IrMayorLuz ;Moverme a Buscar LUz
0122    0021    28D5    	GOTO	LEER_E_BTN
0123    0022            	;GOTO FotoResistencia ;Para Graduar Foto Resistencia 
0124    0022    2898    	GOTO	SALIR	
0125    0023            
0126    0023            SeteoVariables
0127    0023    3010    	MOVLW	16
0128    0024    00A8    	MOVWF	NumeroIteracionesX
0129    0025    3000    	MOVLW	D'0'
0130    0026    00B6    	MOVWF	Mayor_Encontrado
0131    0027    3009    	MOVLW	D'9'
0132    0028    00B7    	MOVWF	Menor_Encontrado
0133    0029    3000    	MOVLW	B'00000000'
0134    002A    0086    	MOVWF	PORTB
0135    002B    3000    	MOVLW	D'0'
0136    002C    00B9    	MOVWF	ContMotorX
0137    002D    00A9    	MOVWF	IrMayorXIteracion
0138    002E    00AA    	MOVWF	IrMayorPasosY
0139    002F    0008    	Return
0140    0030            ;------------------------------ MOTORES INICIO --------------------------------------
0141    0030            LOOP_GENERAL
0142    0030    3020    	MOVLW	32			;32*16 =512
0143    0031    00A4    	MOVWF	PasosX
0144    0032    00A5    	MOVWF	PasosRegresoX
0145    0033    2046    	CALL	MOVER_X
0146    0034    3080    	MOVLW	128
0147    0035    00A6    	MOVWF	PasosY
0148    0036    00A7    	MOVWF	PasosRegresoY
0149    0037    0AB9    	INCF	ContMotorX,1
0150    0038    2071    	CALL	CORRIDAY
0151    0039    3000    	MOVLW	0
0152    003A    00BC    	MOVWF	ContMotorY
0153    003B    0BA8    	DECFSZ	NumeroIteracionesX, 1
0154    003C    2830    	GOTO	LOOP_GENERAL
0155    003D    3004    	MOVLW	4
0156    003E    00A8    	MOVWF	NumeroIteracionesX
0157    003F    2840    	GOTO	LOOP_REGRESO_X
0158    0040            
0159    0040            LOOP_REGRESO_X
0160    0040    3080    	MOVLW	128
0161    0041    00A5    	MOVWF	PasosRegresoX
0162    0042    2062    	CALL	REGRESOX
0163    0043    0BA8    	DECFSZ	NumeroIteracionesX, 1
0164    0044    2840    	GOTO	LOOP_REGRESO_X
0165    0045            	;GOTO	FIN
0166    0045    3400    	RETLW	B'00000000'
0167    0046            
0168    0046            MOVER_X
0169    0046    300C    	MOVLW	B'00001100'
0170    0047    0086    	MOVWF	PORTB
0171    0048    2055    	CALL	DelayOneSecond
0172    0049    3006    	MOVLW	B'00000110'
0173    004A    0086    	MOVWF	PORTB
0174    004B    2055    	CALL	DelayOneSecond
0175    004C    3003    	MOVLW	B'00000011'
0176    004D    0086    	MOVWF	PORTB
0177    004E    2055    	CALL	DelayOneSecond
0178    004F    3009    	MOVLW	B'00001001'
0179    0050    0086    	MOVWF	PORTB
0180    0051    2055    	CALL	DelayOneSecond
0181    0052    0BA4    	DECFSZ	PasosX,1
0182    0053    2846    	GOTO	MOVER_X
0183    0054    3400    	RETLW	B'00000000'
0184    0055            
0185    0055            DelayOneSecond
0186    0055    3001    	movlw D'1'
0187    0056    00A3    	movwf CounterC
0188    0057    3004    	movlw D'4'
0189    0058    00A2    	movwf CounterB
0190    0059    3004    	movlw D'4'
0191    005A    00A1    	movwf CounterA
0192    005B            
0193    005B            Loop_Delay
0194    005B    0BA1    	decfsz CounterA,1
0195    005C    285B    	goto Loop_Delay
0196    005D    0BA2    	decfsz CounterB,1
0197    005E    285B    	goto Loop_Delay
0198    005F    0BA3    	decfsz CounterC,1
0199    0060    285B    	goto Loop_Delay
0200    0061    3400    	RETLW	b'00000000'
0201    0062            
0202    0062            REGRESOX
0203    0062    3009    	MOVLW	B'00001001'
0204    0063    0086    	MOVWF	PORTB
0205    0064    2055    	CALL	DelayOneSecond
0206    0065    3003    	MOVLW	B'00000011'
0207    0066    0086    	MOVWF	PORTB
0208    0067    2055    	CALL	DelayOneSecond
0209    0068    3006    	MOVLW	B'00000110'
0210    0069    0086    	MOVWF	PORTB
0211    006A    2055    	CALL	DelayOneSecond
0212    006B    300C    	MOVLW	B'00001100'
0213    006C    0086    	MOVWF	PORTB
0214    006D    2055    	CALL	DelayOneSecond
0215    006E    0BA5    	DECFSZ	PasosRegresoX,1
0216    006F    2862    	GOTO	REGRESOX
0217    0070    3400    	RETLW	B'00000000'
0218    0071            
0219    0071            CORRIDAY
0220    0071    0ABC    	INCF	ContMotorY,1
0221    0072    2184    	CALL	BuscarYMarcarFoto
0222    0073    30C0       	MOVLW	B'11000000'
0223    0074    0086    	MOVWF	PORTB
0224    0075    2055    	CALL	DelayOneSecond
0225    0076    3060    	MOVLW	B'01100000'
0226    0077    0086    	MOVWF	PORTB
0227    0078    2055    	CALL	DelayOneSecond
0228    0079    3030    	MOVLW	B'00110000'
0229    007A    0086    	MOVWF	PORTB
0230    007B    2055    	CALL	DelayOneSecond
0231    007C    3090    	MOVLW	B'10010000'
0232    007D    0086    	MOVWF	PORTB
0233    007E    2055    	CALL	DelayOneSecond
0234    007F    0BA6    	DECFSZ	PasosY ,1
0235    0080    2871    	GOTO	CORRIDAY
0236    0081    2882    	GOTO	REGRESOY
0237    0082            
0238    0082            REGRESOY
0239    0082    3090        	MOVLW	B'10010000'
0240    0083    0086    	MOVWF	PORTB
0241    0084    2055    	CALL	DelayOneSecond
0242    0085    3030    	MOVLW	B'00110000'
0243    0086    0086    	MOVWF	PORTB
0244    0087    2055    	CALL	DelayOneSecond
0245    0088    3060    	MOVLW	B'01100000'
0246    0089    0086    	MOVWF	PORTB
0247    008A    2055    	CALL	DelayOneSecond
0248    008B    30C0    	MOVLW	B'11000000'
0249    008C    0086    	MOVWF	PORTB
0250    008D    2055    	CALL	DelayOneSecond
0251    008E    0BA7    	DECFSZ	PasosRegresoY ,1
0252    008F    2882    	GOTO	REGRESOY
0253    0090    3400    	RETLW	B'00000000'
0254    0091            
0255    0091            FIN ; NO se utiliza esta etiqueta se comenta en linea 62 
0256    0091             	;MOVLW	B'00000000'
0257    0091            	;MOVWF	PORTB
0258    0091            	;RETLW	B'00000000'
0259    0091            	;Call	IrMayorLuz
0260    0091            
0261    0091            
0262    0091            IrMayorLuz
0263    0091    3020    	MOVLW	32
0264    0092    00A4    	MOVWF	PasosX
0265    0093    2099    	CALL	FullMayorX
0266    0094    0BA9    	DECFSZ	IrMayorXIteracion , 1
0267    0095    2891    	GOTO	IrMayorLuz
0268    0096    20A8    	CALL	FullMayorY
0269    0097    3400    	RETLW	B'00000000'
0270    0098            
0271    0098            SALIR
0272    0098            	END
0273    0098    2898    	GOTO SALIR
0274    0099            
0275    0099            FullMayorX
0276    0099    300C    	MOVLW	B'00001100'
0277    009A    0086    	MOVWF	PORTB
0278    009B    2055    	CALL	DelayOneSecond
0279    009C    3006    	MOVLW	B'00000110'
0280    009D    0086    	MOVWF	PORTB
0281    009E    2055    	CALL	DelayOneSecond
0282    009F    3003    	MOVLW	B'00000011'
0283    00A0    0086    	MOVWF	PORTB
0284    00A1    2055    	CALL	DelayOneSecond
0285    00A2    3009    	MOVLW	B'00001001'
0286    00A3    0086    	MOVWF	PORTB
0287    00A4    2055    	CALL	DelayOneSecond
0288    00A5    0BA4    	DECFSZ	PasosX,1
0289    00A6    2899    	GOTO	FullMayorX
0290    00A7    3400    	RETLW	B'00000000'
0291    00A8            
0292    00A8            FullMayorY
0293    00A8    30C0       	MOVLW	B'11000000'
0294    00A9    0086    	MOVWF	PORTB
0295    00AA    2055    	CALL	DelayOneSecond
0296    00AB    3060    	MOVLW	B'01100000'
0297    00AC    0086    	MOVWF	PORTB
0298    00AD    2055    	CALL	DelayOneSecond
0299    00AE    3030    	MOVLW	B'00110000'
0300    00AF    0086    	MOVWF	PORTB
0301    00B0    2055    	CALL	DelayOneSecond
0302    00B1    3090    	MOVLW	B'10010000'
0303    00B2    0086    	MOVWF	PORTB
0304    00B3    2055    	CALL	DelayOneSecond
0305    00B4    0BAA    	DECFSZ	IrMayorPasosY ,1
0306    00B5    28A8    	GOTO	FullMayorY
0307    00B6    3400    	RETLW	B'00000000'
0308    00B7            
0309    00B7            ReiniciarTOTALX
0310    00B7    3020    	MOVLW	32
0311    00B8    00A5    	MOVWF	PasosRegresoX
0312    00B9    2062    	CALL	REGRESOX
0313    00BA    0BBA    	DECFSZ	RegresarReiniciarX, 1
0314    00BB    28B7    	GOTO	ReiniciarTOTALX
0315    00BC            	;GOTO	FIN
0316    00BC    3400    	RETLW	B'00000000'
0317    00BD            ReiniciarTOTALY
0318    00BD    3090        	MOVLW	B'10010000'
0319    00BE    0086    	MOVWF	PORTB
0320    00BF    2055    	CALL	DelayOneSecond
0321    00C0    3030    	MOVLW	B'00110000'
0322    00C1    0086    	MOVWF	PORTB
0323    00C2    2055    	CALL	DelayOneSecond
0324    00C3    3060    	MOVLW	B'01100000'
0325    00C4    0086    	MOVWF	PORTB
0326    00C5    2055    	CALL	DelayOneSecond
0327    00C6    30C0    	MOVLW	B'11000000'
0328    00C7    0086    	MOVWF	PORTB
0329    00C8    2055    	CALL	DelayOneSecond
0330    00C9    0BBB    	DECFSZ	RegresarReiniciarY ,1
0331    00CA    28BD    	GOTO	ReiniciarTOTALY
0332    00CB    3400    	RETLW	B'00000000'
0333    00CC            ;------------------------------ BOTON E 0 INICIAL -----------------------------------------
0334    00CC            BTN_Inicio
0335    00CC    0809    	MOVF PORTE, W ;Movemos lo de PUERTO E hacia W
0336    00CD    00AC    	MOVWF DatoEnE ;Movemos la variable hacia dato en E
0337    00CE    3001    	MOVLW B'001' ; MOVEMOS A W EL 0 BIT de E  
0338    00CF    022C    	SUBWF DatoEnE,W ;VA A RESTARLE AL DATO E LO QUE ESTA EN W
0339    00D0    21F8    	CALL	Llamada16Delays
0340    00D1    21F8    	CALL	Llamada16Delays
0341    00D2    1903    	BTFSC STATUS, Z ; VERIFICA QUE EL STATUS DE LA OPERACION SEA 0 
0342    00D3    281A    	goto	MENU
0343    00D4    28CC    	goto	BTN_Inicio
0344    00D5            LEER_E_BTN
0345    00D5    0809    	MOVF PORTE, W ;Movemos lo de PUERTO E hacia W
0346    00D6    00AC    	MOVWF DatoEnE ;Movemos la variable hacia dato en E
0347    00D7    3001    	MOVLW B'001' ; MOVEMOS A W EL 0 BIT de E  
0348    00D8    022C    	SUBWF DatoEnE,W ;VA A RESTARLE AL DATO E LO QUE ESTA EN W
0349    00D9    21F8    	CALL	Llamada16Delays
0350    00DA    21F8    	CALL	Llamada16Delays
0351    00DB    1903    	BTFSC STATUS, Z ; VERIFICA QUE EL STATUS DE LA OPERACION SEA 0 
0352    00DC    28E5    	GOTO  CONTAR ; SI LA OPERACION ES 0 SE VA A UN CONTAR
0353    00DD            
0354    00DD    3004    	MOVLW B'100'
0355    00DE    022C    	SUBWF DatoEnE,w
0356    00DF    1903    	BTFSC STATUS, Z ; VERIFICA QUE EL STATUS DE LA OPERACION SEA 0 
0357    00E0    28E2    	GOTO  EmpezarDeNuevo ; SI LA OPERACION ES 0 SE VA A UN CONTAR
0358    00E1            
0359    00E1            
0360    00E1    28D5    	GOTO  LEER_E_BTN ;REGRESA LOOP LEER
0361    00E2            
0362    00E2            EmpezarDeNuevo
0363    00E2    20BD    	CAll	ReiniciarTOTALY
0364    00E3    20B7    	Call	ReiniciarTOTALX
0365    00E4    28CC    	GOTO	BTN_Inicio	
0366    00E5            
0367    00E5            CONTAR
0368    00E5    0A2B    	INCF  ContadorBTN, 0 ;incrementa e ContadorBTN en 1
0369    00E6    00AB    	MOVWF ContadorBTN
0370    00E7    3001    	MOVLW b'00000001'
0371    00E8    022B    	SUBWF ContadorBTN,W
0372    00E9    1903    	BTFSC STATUS, Z
0373    00EA    28F7    	GOTO  BTN1
0374    00EB            
0375    00EB    3002    	MOVLW b'00000010'
0376    00EC    022B    	SUBWF ContadorBTN,W
0377    00ED    1903    	BTFSC STATUS, Z
0378    00EE    292A    	GOTO  BTN2
0379    00EF            
0380    00EF    3003    	MOVLW b'00000011'
0381    00F0    022B    	SUBWF ContadorBTN,W
0382    00F1    1903    	BTFSC STATUS, Z
0383    00F2    292E    	GOTO  BTN3
0384    00F3            
0385    00F3    3004    	MOVLW b'00000100'
0386    00F4    022B    	SUBWF ContadorBTN, 0
0387    00F5    1903    	BTFSC STATUS, Z
0388    00F6    2932    	GOTO  BTN4
0389    00F7            
0390    00F7            BTN1
0391    00F7            ;Al iniciar, mostrar cu?nto es el ?ndice de luz (escala definida por el grupo)
0392    00F7            	;MOVLW B'00000001'
0393    00F7            	;MOVWF PORTB
0394    00F7            
0395    00F7    3000    	MOVLW D'0'
0396    00F8    00AE    	MOVWF DATO_DISPLAY
0397    00F9    2138    	CALL  COMP_DISPLAY
0398    00FA    21F8    	CALL	Llamada16Delays
0399    00FB    21F8    	CALL	Llamada16Delays
0400    00FC            
0401    00FC    3001    	MOVLW D'1'
0402    00FD    00AE    	MOVWF DATO_DISPLAY
0403    00FE    2138    	CALL  COMP_DISPLAY
0404    00FF    21F8    	CALL	Llamada16Delays
0405    0100    21F8    	CALL	Llamada16Delays
0406    0101            
0407    0101    3002    	MOVLW D'2'
0408    0102    00AE    	MOVWF DATO_DISPLAY
0409    0103    2138    	CALL  COMP_DISPLAY
0410    0104    21F8    	CALL	Llamada16Delays
0411    0105    21F8    	CALL	Llamada16Delays
0412    0106            
0413    0106    3003    	MOVLW D'3'
0414    0107    00AE    	MOVWF DATO_DISPLAY
0415    0108    2138    	CALL  COMP_DISPLAY
0416    0109    21F8    	CALL	Llamada16Delays
0417    010A    21F8    	CALL	Llamada16Delays
0418    010B            
0419    010B    3004    	MOVLW D'4'
0420    010C    00AE    	MOVWF DATO_DISPLAY
0421    010D    2138    	CALL  COMP_DISPLAY
0422    010E    21F8    	CALL	Llamada16Delays
0423    010F    21F8    	CALL	Llamada16Delays
0424    0110            
0425    0110    3005    	MOVLW D'5'
0426    0111    00AE    	MOVWF DATO_DISPLAY
0427    0112    2138    	CALL  COMP_DISPLAY
0428    0113    21F8    	CALL	Llamada16Delays
0429    0114    21F8    	CALL	Llamada16Delays
0430    0115            
0431    0115    3006    	MOVLW D'6'
0432    0116    00AE    	MOVWF DATO_DISPLAY
0433    0117    2138    	CALL  COMP_DISPLAY
0434    0118    21F8    	CALL	Llamada16Delays
0435    0119    21F8    	CALL	Llamada16Delays
0436    011A            
0437    011A    3007    	MOVLW D'7'
0438    011B    00AE    	MOVWF DATO_DISPLAY
0439    011C    2138    	CALL  COMP_DISPLAY
0440    011D    21F8    	CALL	Llamada16Delays
0441    011E    21F8    	CALL	Llamada16Delays
0442    011F            
0443    011F    3008    	MOVLW D'8'
0444    0120    00AE    	MOVWF DATO_DISPLAY
0445    0121    2138    	CALL  COMP_DISPLAY
0446    0122    21F8    	CALL	Llamada16Delays
0447    0123    21F8    	CALL	Llamada16Delays
0448    0124            
0449    0124    3009    	MOVLW D'9'
0450    0125    00AE    	MOVWF DATO_DISPLAY
0451    0126    2138    	CALL  COMP_DISPLAY
0452    0127    21F8    	CALL	Llamada16Delays
0453    0128    21F8    	CALL	Llamada16Delays
0454    0129            
0455    0129    28D5    	GOTO  LEER_E_BTN
0456    012A            	;Mostrar el primer inciso
0457    012A            BTN2
0458    012A            ;Al presionar la tecla cambiar? y deber? mostrar el n?mero del dispositivo con la mayor
0459    012A            ;cantidad de luz.
0460    012A            	;MOVLW B'00000010'
0461    012A            	;MOVWF PORTB
0462    012A            	
0463    012A    3002    	MOVLW D'2'
0464    012B    00AE    	MOVWF DATO_DISPLAY
0465    012C            
0466    012C    2138    	CALL  COMP_DISPLAY
0467    012D            
0468    012D    28D5    	GOTO  LEER_E_BTN
0469    012E            	;Mostrar el segundo inciso
0470    012E            BTN3
0471    012E            ;Al presionar la tecla cambiar? y deber? mostrar el n?mero del dispositivo con la menor
0472    012E            ;cantidad de luz.
0473    012E            	;MOVLW B'00000100'
0474    012E            	;MOVWF PORTB
0475    012E            
0476    012E    3003    	MOVLW D'3'
0477    012F    00AE    	MOVWF DATO_DISPLAY
0478    0130    2138    	CALL  COMP_DISPLAY
0479    0131            
0480    0131    28D5    	GOTO  LEER_E_BTN
0481    0132            	;Mostrar el tercer inciso
0482    0132            BTN4       ;Al presionar la tecla cambiar? y mostrar? cu?l es su n?mero de dispositivo
0483    0132            	;MOVLW B'00001000'
0484    0132            	;MOVWF PORTB
0485    0132            
0486    0132    3000    	MOVLW B'00000000' 
0487    0133    00AB    	MOVWF ContadorBTN ;resetea el ContadorBTN para empezar de nuevo
0488    0134            
0489    0134    3004    	MOVLW D'4'
0490    0135    00AE    	MOVWF DATO_DISPLAY
0491    0136    2138    	CALL  COMP_DISPLAY
0492    0137    28D5    	GOTO  LEER_E_BTN
0493    0138            
0494    0138            
0495    0138            ;------------------------------ DISPLAY  -----------------------------------------
0496    0138            
0497    0138            COMP_DISPLAY
0498    0138            ;COMPARACION BIT POR BIT 
0499    0138    3000    	MOVLW	B'00000000' ;LE ENVIAMOS A W EL NUMERO 0 EN BINARIO EN 8 BITS
0500    0139    022E    	SUBWF	DATO_DISPLAY,W 	;LE VAMOS A QUITAR A DATO_DISPLAY W (DATO_DISPLAY-W)=W
0501    013A    1903    	BTFSC	STATUS,Z
0502    013B    2961    	GOTO	MOSTRAR0
0503    013C            
0504    013C    3001    	MOVLW	B'00000001' ;LE ENVIAMOS A W EL NUMERO 1 EN BINARIO EN 8 BITS
0505    013D    022E    	SUBWF	DATO_DISPLAY,W 	;LE VAMOS A QUITAR A DATO_DISPLAY W (DATO_DISPLAY-W)=W
0506    013E    1903    	BTFSC	STATUS,Z
0507    013F    2964    	GOTO	MOSTRAR1
0508    0140            
0509    0140    3002    	MOVLW	B'00000010' ;LE ENVIAMOS A W EL NUMERO 2 EN BINARIO EN 8 BITS
0510    0141    022E    	SUBWF	DATO_DISPLAY,W 	;LE VAMOS A QUITAR A DATO_DISPLAY W (DATO_DISPLAY-W)=W
0511    0142    1903    	BTFSC	STATUS,Z
0512    0143    2967    	GOTO	MOSTRAR2
0513    0144            	
0514    0144    3003    	MOVLW	B'00000011' ;LE ENVIAMOS A W EL NUMERO 3 EN BINARIO EN 8 BITS
0515    0145    022E    	SUBWF	DATO_DISPLAY,W 	;LE VAMOS A QUITAR A DATO_DISPLAY W (DATO_DISPLAY-W)=W
0516    0146    1903    	BTFSC	STATUS,Z
0517    0147    296A    	GOTO	MOSTRAR3
0518    0148            
0519    0148    3004    	MOVLW	B'00000100' ;LE ENVIAMOS A W EL NUMERO 4 EN BINARIO EN 8 BITS
0520    0149    022E    	SUBWF	DATO_DISPLAY,W 	;LE VAMOS A QUITAR A DATO_DISPLAY W (DATO_DISPLAY-W)=W
0521    014A    1903    	BTFSC	STATUS,Z
0522    014B    296D    	GOTO	MOSTRAR4
0523    014C            
0524    014C    3005    	MOVLW	B'00000101' ;LE ENVIAMOS A W EL NUMERO 5 EN BINARIO EN 8 BITS
0525    014D    022E    	SUBWF	DATO_DISPLAY,W 	;LE VAMOS A QUITAR A DATO_DISPLAY W (DATO_DISPLAY-W)=W
0526    014E    1903    	BTFSC	STATUS,Z
0527    014F    2970    	GOTO	MOSTRAR5
0528    0150            
0529    0150    3006    	MOVLW	B'00000110' ;LE ENVIAMOS A W EL NUMERO 6 EN BINARIO EN 8 BITS
0530    0151    022E    	SUBWF	DATO_DISPLAY,W 	;LE VAMOS A QUITAR A DATO_DISPLAY W (DATO_DISPLAY-W)=W
0531    0152    1903    	BTFSC	STATUS,Z
0532    0153    2973    	GOTO	MOSTRAR6
0533    0154            
0534    0154    3007    	MOVLW	B'00000111' ;LE ENVIAMOS A W EL NUMERO 7 EN BINARIO EN 8 BITS
0535    0155    022E    	SUBWF	DATO_DISPLAY,W 	;LE VAMOS A QUITAR A DATO_DISPLAY W (DATO_DISPLAY-W)=W
0536    0156    1903    	BTFSC	STATUS,Z
0537    0157    2976    	GOTO	MOSTRAR7
0538    0158            
0539    0158    3008    	MOVLW	B'00001000' ;LE ENVIAMOS A W EL NUMERO 8 EN BINARIO EN 8 BITS
0540    0159    022E    	SUBWF	DATO_DISPLAY,W 	;LE VAMOS A QUITAR A DATO_DISPLAY W (DATO_DISPLAY-W)=W
0541    015A    1903    	BTFSC	STATUS,Z
0542    015B    2979    	GOTO	MOSTRAR8
0543    015C            
0544    015C    3009    	MOVLW	B'00001001' ;LE ENVIAMOS A W EL NUMERO 9 EN BINARIO EN 8 BITS
0545    015D    022E    	SUBWF	DATO_DISPLAY,W 	;LE VAMOS A QUITAR A DATO_DISPLAY W (DATO_DISPLAY-W)=W
0546    015E    1903    	BTFSC	STATUS,Z
0547    015F    297C    	GOTO	MOSTRAR9
0548    0160            	
0549    0160            	;MOVLW	B'00000000'
0550    0160            	;MOVWF	PORTB
0551    0160    28D5    	GOTO	LEER_E_BTN
0552    0161            
0553    0161            MOSTRAR0
0554    0161    30C0    	MOVLW B'11000000' ; EN BINARIO PONEMOS 0 LOS NECESARIOS PARA PREDER EL DISPLAY EN 0
0555    0162    0087    	MOVWF PORTC	;MOVEMOS LOS BINARIOS A PORT B 
0556    0163    3400    	RETLW	B'00000000'
0557    0164            
0558    0164            MOSTRAR1
0559    0164    30F9    	MOVLW B'11111001' ; EN BINARIO PONEMOS 1 LOS NECESARIOS PARA PREDER EL DISPLAY EN 0
0560    0165    0087    	MOVWF PORTC	;MOVEMOS LOS BINARIOS A PORT B 
0561    0166    3400    	RETLW	B'00000000'
0562    0167            
0563    0167            MOSTRAR2
0564    0167    30A4    	MOVLW B'10100100' ; EN BINARIO PONEMOS 2 LOS NECESARIOS PARA PREDER EL DISPLAY EN 0
0565    0168    0087    	MOVWF PORTC	;MOVEMOS LOS BINARIOS A PORT B 
0566    0169    3400    	RETLW	B'00000000'
0567    016A            
0568    016A            MOSTRAR3
0569    016A    30B0    	MOVLW B'10110000' ; EN BINARIO PONEMOS 3 LOS NECESARIOS PARA PREDER EL DISPLAY EN 0
0570    016B    0087    	MOVWF PORTC	;MOVEMOS LOS BINARIOS A PORT B 
0571    016C    3400    	RETLW	B'00000000'
0572    016D            		
0573    016D            MOSTRAR4
0574    016D    3099    	MOVLW B'10011001' ; EN BINARIO PONEMOS 4 LOS NECESARIOS PARA PREDER EL DISPLAY EN 0
0575    016E    0087    	MOVWF PORTC	;MOVEMOS LOS BINARIOS A PORT B 
0576    016F    3400    	RETLW	B'00000000'
0577    0170            
0578    0170            MOSTRAR5
0579    0170    3092    	MOVLW B'10010010' ; EN BINARIO PONEMOS 5 LOS NECESARIOS PARA PREDER EL DISPLAY EN 0
0580    0171    0087    	MOVWF PORTC	;MOVEMOS LOS BINARIOS A PORT B 
0581    0172    3400    	RETLW	B'00000000'
0582    0173            
0583    0173            MOSTRAR6
0584    0173    3082    	MOVLW B'10000010' ; EN BINARIO PONEMOS 6 LOS NECESARIOS PARA PREDER EL DISPLAY EN 0
0585    0174    0087    	MOVWF PORTC	;MOVEMOS LOS BINARIOS A PORT B 
0586    0175    3400    	RETLW	B'00000000'
0587    0176            
0588    0176            MOSTRAR7
0589    0176    30F8    	MOVLW B'11111000' ; EN BINARIO PONEMOS 7 LOS NECESARIOS PARA PREDER EL DISPLAY EN 0
0590    0177    0087    	MOVWF PORTC	;MOVEMOS LOS BINARIOS A PORT B 
0591    0178    3400    	RETLW	B'00000000'
0592    0179            
0593    0179            MOSTRAR8
0594    0179    3080    	MOVLW B'10000000' ; EN BINARIO PONEMOS 8 LOS NECESARIOS PARA PREDER EL DISPLAY EN 0
0595    017A    0087    	MOVWF PORTC	;MOVEMOS LOS BINARIOS A PORT B 
0596    017B    3400    	RETLW	B'00000000'
0597    017C            
0598    017C            MOSTRAR9
0599    017C    3098    	MOVLW B'10011000' ; EN BINARIO PONEMOS 9 LOS NECESARIOS PARA PREDER EL DISPLAY EN 0
0600    017D    0087    	MOVWF PORTC	;MOVEMOS LOS BINARIOS A PORT B 
0601    017E    3400    	RETLW	B'00000000'
0602    017F            
0603    017F            ;------------------------------FOTO RESISTENCIA  -----------------------------------------
0604    017F            FotoResistencia
0605    017F    2189    	CALL _bucle
0606    0180    0835    	MOVF	CATEGORIA,W
0607    0181    00AE    	MOVWF DATO_DISPLAY
0608    0182    2138    	CALL  COMP_DISPLAY
0609    0183    297F    	GOTO FotoResistencia
0610    0184            
0611    0184            BuscarYMarcarFoto
0612    0184    2189    	Call _bucle
0613    0185    0835    	MovF categoria,W
0614    0186    00B8    	MOVWF ENTRADA_Comp
0615    0187    21E5    	Call Comparacion_nums
0616    0188    0008    	RETURN
0617    0189            
0618    0189            _bucle
0619    0189            	;btfss INTCON,T0IF
0620    0189            	;goto _bucle ;Esperar que el timer0 desborde
0621    0189            	; SE DEBE DE COLOCAR UN DELAY PARA QUE ESPERE LA CONVERSION
0622    0189    1503    	BSF  STATUS,Z
0623    018A    2195    	CALL _PRESPERA
0624    018B    110B    	bcf INTCON,T0IF ;Limpiar el indicador de desborde
0625    018C    151F    	bsf ADCON0,GO ;Comenzar conversion A/D
0626    018D            _espera
0627    018D    191F    	btfsc ADCON0,GO ;ADCON0 es 0? (la conversion esta completa?)
0628    018E    298D    	goto _espera ;No, ir _espera
0629    018F    081E    	movf ADRESH,W ;Si, W=ADRESH
0630    0190            	; 1Eh ADRESH A/D Result Register High Byte
0631    0190            	; 9Eh ADRESL A/D Result Register Low Byte 
0632    0190    00AF    	movwf ADC ;ADC=W
0633    0191            	;rrf ADC,F ;ADC /4
0634    0191            	;rrf ADC,F
0635    0191            	;bcf ADC,7
0636    0191            	;bcf ADC,6
0637    0191    082F    	movfw ADC ;W = ADC
0638    0192            	;movwf PORTB ;PORTB = W
0639    0192    21A6    	CALL INTERVALOS
0640    0193    21D6    	CALL COMPARACION_Foto
0641    0194    0008    	RETURN
0642    0195            	;movlw D'32' ;Comparamos el valor del ADC para saber si es menor que 128
0643    0195            	;subwf ADC,W
0644    0195            	;btfss STATUS,C ;Es mayor a 128?
0645    0195            	;goto _desactivar ;No, desactivar RB7
0646    0195            	;bsf PORTC,7 ;Si, RB7 = 1 logico
0647    0195            	;goto _bucle ;Ir bucle
0648    0195            ;_desactivar
0649    0195            	;bcf PORTB,7 ;RB7 = 0 logico
0650    0195            	;goto _bucle ;Ir bucle
0651    0195            	
0652    0195            _PRESPERA
0653    0195    30FF    	MOVLW 0XFF
0654    0196    00B0    	MOVWF CON
0655    0197    00B1    	MOVWF CON2
0656    0198    00B2    	MOVWF CON3	
0657    0199    219B    	CALL ESPE
0658    019A    0008    	RETURN	
0659    019B            
0660    019B            ESPE
0661    019B    0BB0    	DECFSZ	CON,0X01
0662    019C    299B    	GOTO	ESPE
0663    019D    219F    	CALL	ESPE2
0664    019E    0008    	RETURN
0665    019F            ESPE2
0666    019F    0BB1    	DECFSZ	CON2,0X01
0667    01A0    299F    	GOTO	ESPE2
0668    01A1    21A3    	CALL	ESPE3
0669    01A2    0008    	RETURN
0670    01A3            ESPE3
0671    01A3    0BB2    	DECFSZ	CON3,0X01
0672    01A4    29A3    	GOTO	ESPE3
0673    01A5    0008    	RETURN
0674    01A6            
0675    01A6            INTERVALOS
0676    01A6    3009    	MOVLW	D'9'
0677    01A7    00B5    	MOVWF	CATEGORIA
0678    01A8            
0679    01A8    30D2    	movlw	d'210'
0680    01A9    022F    	subwf	ADC, 0
0681    01AA    1803    	BTFSc	STATUS, C
0682    01AB    0008    	RETURN
0683    01AC            
0684    01AC    03B5    	DECF	categoria,1
0685    01AD    30C2    	movlw	d'194'
0686    01AE    022F    	subwf	ADC, 0
0687    01AF    1803    	BTFSC STATUS, C
0688    01B0    0008    	return
0689    01B1            
0690    01B1    03B5    	DECF	categoria,1
0691    01B2    30AE    	movlw	d'174'
0692    01B3    022F    	subwf	ADC, 0
0693    01B4    1803    	BTFSC STATUS, C
0694    01B5    0008    	return
0695    01B6            
0696    01B6    03B5    	DECF	categoria,1
0697    01B7    309E    	movlw	d'158'
0698    01B8    022F    	subwf	ADC, 0
0699    01B9    1803    	BTFSC STATUS, C
0700    01BA    0008    	return
0701    01BB            
0702    01BB    03B5    	DECF	categoria,1
0703    01BC    308A    	movlw	d'138'
0704    01BD    022F    	subwf	ADC, 0
0705    01BE    1803    	BTFSC STATUS, C
0706    01BF    0008    	return
0707    01C0            
0708    01C0    03B5    	DECF	categoria,1
0709    01C1    3075    	movlw	d'117'
0710    01C2    022F    	subwf	ADC, 0
0711    01C3    1803    	BTFSC STATUS, C
0712    01C4    0008    	return
0713    01C5            
0714    01C5    03B5    	DECF	categoria,1
0715    01C6    3052    	movlw	d'82'
0716    01C7    022F    	subwf	ADC, 0
0717    01C8    1803    	BTFSC STATUS, C
0718    01C9    0008    	return
0719    01CA            
0720    01CA    03B5    	DECF	categoria,1
0721    01CB    3033    	movlw	d'51'
0722    01CC    022F    	subwf	ADC, 0
0723    01CD    1803    	BTFSC STATUS, C
0724    01CE    0008    	return
0725    01CF            
0726    01CF    03B5    	DECF	categoria,1
0727    01D0    301C    	movlw	d'28'
0728    01D1    022F    	subwf	ADC, 0
0729    01D2    1803    	BTFSC STATUS, C
0730    01D3    0008    	return
0731    01D4            	
0732    01D4    03B5    	DECF	categoria, 1
0733    01D5    0008    	return
0734    01D6            
0735    01D6            COMPARACION_Foto	
0736    01D6    0835    	MOVF	CATEGORIA,W
0737    01D7    0234    	SUBWF	MENOR_LUZR,W	
0738    01D8    1803    	BTFSC	STATUS,C
0739    01D9    21E2    	CALL	EntradaMenor
0740    01DA            
0741    01DA    0835    	MOVF	CATEGORIA,W
0742    01DB    0233    	SUBWF	MAYOR_LUZR,W
0743    01DC    1C03    	BTFSS	STATUS,C
0744    01DD    21DF    	CALL 	EntradaMayor
0745    01DE            
0746    01DE    0008    	RETURN
0747    01DF            
0748    01DF            EntradaMayor
0749    01DF    0835    	MOVF	CATEGORIA,W
0750    01E0    00B3    	MOVWF	MAYOR_LUZR
0751    01E1            	;MOVLW	B'00000001'
0752    01E1            	;MOVWF	PORTD
0753    01E1    0008    	RETURN
0754    01E2            
0755    01E2            EntradaMenor
0756    01E2    0835    	MOVF	CATEGORIA,W
0757    01E3    00B4    	MOVWF	MENOR_LUZR
0758    01E4            	;MOVLW	B'00000010'
0759    01E4            	;MOVWF	PORTD
0760    01E4    0008    	RETURN
0761    01E5            ;--------------------------Compracion numeros----------------------------------------------
0762    01E5            Comparacion_nums	
0763    01E5    0838    	MOVF	ENTRADA_Comp,W
0764    01E6    0237    	SUBWF	Menor_Encontrado,W	
0765    01E7    1803    	BTFSC	STATUS,C
0766    01E8    21F5    	CALL	EntradaMenor_nums
0767    01E9            
0768    01E9    0838    	MOVF	ENTRADA_Comp,W
0769    01EA    0236    	SUBWF	Mayor_Encontrado,W
0770    01EB    1C03    	BTFSS	STATUS,C
0771    01EC    21EE    	CALL 	EntradaMayor_nums
0772    01ED            
0773    01ED    0008    	RETURN
0774    01EE            
0775    01EE            EntradaMayor_nums
0776    01EE    0838    	MOVF	ENTRADA_Comp,W
0777    01EF    00B6    	MOVWF	Mayor_Encontrado
0778    01F0            	;Moviendo la Iteracion X y Moviento en y
0779    01F0    0839    	MOVF 	ContMotorX,W
0780    01F1    00A9    	MOVWF	IrMayorXIteracion
0781    01F2            	;INCF	IrMayorXIteracion,1
0782    01F2            
0783    01F2    083C    	MOVF 	ContMotorY,W
0784    01F3    00AA    	MOVWF	IrMayorPasosY
0785    01F4            
0786    01F4            	;MOVLW	B'00000001'
0787    01F4            	;MOVWF	PORTD
0788    01F4    0008    	RETURN
0789    01F5            
0790    01F5            EntradaMenor_nums
0791    01F5    0838    	MOVF	ENTRADA_Comp,W
0792    01F6    00B7    	MOVWF	Menor_Encontrado
0793    01F7            	;MOVLW	B'00000010'
0794    01F7            	;MOVWF	PORTD
0795    01F7    0008    	RETURN
0796    01F8            
0797    01F8            ;---------------------------------------Procedimientos Varios ---------------------------------
0798    01F8            Llamada16Delays
0799    01F8    2055    	CALL	DelayOneSecond
0800    01F9    2055    	CALL	DelayOneSecond	
0801    01FA    2055    	CALL	DelayOneSecond
0802    01FB    2055    	CALL	DelayOneSecond
0803    01FC    2055    	CALL	DelayOneSecond
0804    01FD    2055    	CALL	DelayOneSecond	
0805    01FE    2055    	CALL	DelayOneSecond
0806    01FF    2055    	CALL	DelayOneSecond
0807    0200    2055    	CALL	DelayOneSecond
0808    0201    2055    	CALL	DelayOneSecond	
0809    0202    2055    	CALL	DelayOneSecond
0810    0203    2055    	CALL	DelayOneSecond
0811    0204    2055    	CALL	DelayOneSecond
0812    0205    2055    	CALL	DelayOneSecond	
0813    0206    2055    	CALL	DelayOneSecond
0814    0207    2055    	CALL	DelayOneSecond
0815    0208    0008    	RETURN
0816    0209            
0817    0209            ;--------------------------------------REINICIAR-------------------------------------------
---------------------------------------------
Number of errors = 0
